Script started on Mon Oct 16 12:47:47 2023
[vagrant@otuslinux ~]$ lsblk
NAME   MAJ:MIN RM  SIZE RO TYPE MOUNTPOINT
sda      8:0    0   40G  0 disk 
`-sda1   8:1    0   40G  0 part /
sdb      8:16   0  250M  0 disk 
sdc      8:32   0  250M  0 disk 
sdd      8:48   0  250M  0 disk 
sde      8:64   0  250M  0 disk 
[vagrant@otuslinux ~]$ sudo mdadm --create --verbose /dev/md0 -l 10 -n 4 /dev/sd{b,c,d,e}
mdadm: layout defaults to n2
mdadm: layout defaults to n2
mdadm: chunk size defaults to 512K
mdadm: size set to 253952K
mdadm: Defaulting to version 1.2 metadata
mdadm: array /dev/md0 started.
[vagrant@otuslinux ~]$ sudo su
[root@otuslinux vagrant]# sudo touch /etc/mdadm.conf
[root@otuslinux vagrant]# echo "DEVICE partitions" > /etc/mdadm/mdadm.conf
bash: /etc/mdadm/mdadm.conf: No such file or directory
[root@otuslinux vagrant]# echo "DEVICE partitions" > /etc/mdadm.conf
[root@otuslinux vagrant]# mdadm --detail --scan --verbose | awk '/ARRAY/ {print}' >> /etc/mdadm.conf
[root@otuslinux vagrant]# cat /etc/mdadm.conf 
DEVICE partitions
ARRAY /dev/md0 level=raid10 num-devices=4 metadata=1.2 name=otuslinux:0 UUID=bc201aad:b71365a7:316b8974:2c6a8ff0
[root@otuslinux vagrant]# parted -s /dev/md0 mklabel gpt
[root@otuslinux vagrant]# parted /dev/md0 mkpart primary ext4 0% 20%
Information: You may need to update /etc/fstab.

[root@otuslinux vagrant]# parted /dev/md0 mkpart primary ext4 20% 40%     
Information: You may need to update /etc/fstab.

[root@otuslinux vagrant]# parted /dev/md0 mkpart primary ext4 40% 60%     
Information: You may need to update /etc/fstab.

[root@otuslinux vagrant]# parted /dev/md0 mkpart primary ext4 60% 80%     
Information: You may need to update /etc/fstab.

[root@otuslinux vagrant]# parted /dev/md0 mkpart primary ext4 80% 100%    
Information: You may need to update /etc/fstab.

[root@otuslinux vagrant]# for i in $(seq 1 5); do sudo mkfs.ext4 /dev/md0p$i; done
mke2fs 1.42.9 (28-Dec-2013)
Filesystem label=
OS type: Linux
Block size=1024 (log=0)
Fragment size=1024 (log=0)
Stride=512 blocks, Stripe width=1024 blocks
25168 inodes, 100352 blocks
5017 blocks (5.00%) reserved for the super user
First data block=1
Maximum filesystem blocks=33685504
13 block groups
8192 blocks per group, 8192 fragments per group
1936 inodes per group
Superblock backups stored on blocks: 
	8193, 24577, 40961, 57345, 73729

Allocating group tables: done                            
Writing inode tables: done                            
Creating journal (4096 blocks): done
Writing superblocks and filesystem accounting information: done 

mke2fs 1.42.9 (28-Dec-2013)
Filesystem label=
OS type: Linux
Block size=1024 (log=0)
Fragment size=1024 (log=0)
Stride=512 blocks, Stripe width=1024 blocks
25376 inodes, 101376 blocks
5068 blocks (5.00%) reserved for the super user
First data block=1
Maximum filesystem blocks=33685504
13 block groups
8192 blocks per group, 8192 fragments per group
1952 inodes per group
Superblock backups stored on blocks: 
	8193, 24577, 40961, 57345, 73729

Allocating group tables: done                            
Writing inode tables: done                            
Creating journal (4096 blocks): done
Writing superblocks and filesystem accounting information: done 

mke2fs 1.42.9 (28-Dec-2013)
Filesystem label=
OS type: Linux
Block size=1024 (log=0)
Fragment size=1024 (log=0)
Stride=512 blocks, Stripe width=1024 blocks
25688 inodes, 102400 blocks
5120 blocks (5.00%) reserved for the super user
First data block=1
Maximum filesystem blocks=33685504
13 block groups
8192 blocks per group, 8192 fragments per group
1976 inodes per group
Superblock backups stored on blocks: 
	8193, 24577, 40961, 57345, 73729

Allocating group tables: done                            
Writing inode tables: done                            
Creating journal (4096 blocks): done
Writing superblocks and filesystem accounting information: done 

mke2fs 1.42.9 (28-Dec-2013)
Filesystem label=
OS type: Linux
Block size=1024 (log=0)
Fragment size=1024 (log=0)
Stride=512 blocks, Stripe width=1024 blocks
25376 inodes, 101376 blocks
5068 blocks (5.00%) reserved for the super user
First data block=1
Maximum filesystem blocks=33685504
13 block groups
8192 blocks per group, 8192 fragments per group
1952 inodes per group
Superblock backups stored on blocks: 
	8193, 24577, 40961, 57345, 73729

Allocating group tables: done                            
Writing inode tables: done                            
Creating journal (4096 blocks): done
Writing superblocks and filesystem accounting information: done 

mke2fs 1.42.9 (28-Dec-2013)
Filesystem label=
OS type: Linux
Block size=1024 (log=0)
Fragment size=1024 (log=0)
Stride=512 blocks, Stripe width=1024 blocks
25168 inodes, 100352 blocks
5017 blocks (5.00%) reserved for the super user
First data block=1
Maximum filesystem blocks=33685504
13 block groups
8192 blocks per group, 8192 fragments per group
1936 inodes per group
Superblock backups stored on blocks: 
	8193, 24577, 40961, 57345, 73729

Allocating group tables: done                            
Writing inode tables: done                            
Creating journal (4096 blocks): done
Writing superblocks and filesystem accounting information: done 

[root@otuslinux vagrant]# mkdir -p /raid/part{1,2,3,4,5}
[root@otuslinux vagrant]# for i in $(seq 1 5); do mount /dev/md0p$i /raid/part$i; done
[root@otuslinux vagrant]# lsblk
NAME      MAJ:MIN RM  SIZE RO TYPE   MOUNTPOINT
sda         8:0    0   40G  0 disk   
`-sda1      8:1    0   40G  0 part   /
sdb         8:16   0  250M  0 disk   
`-md0       9:0    0  496M  0 raid10 
  |-md0p1 259:0    0   98M  0 md     /raid/part1
  |-md0p2 259:1    0   99M  0 md     /raid/part2
  |-md0p3 259:2    0  100M  0 md     /raid/part3
  |-md0p4 259:3    0   99M  0 md     /raid/part4
  `-md0p5 259:4    0   98M  0 md     /raid/part5
sdc         8:32   0  250M  0 disk   
`-md0       9:0    0  496M  0 raid10 
  |-md0p1 259:0    0   98M  0 md     /raid/part1
  |-md0p2 259:1    0   99M  0 md     /raid/part2
  |-md0p3 259:2    0  100M  0 md     /raid/part3
  |-md0p4 259:3    0   99M  0 md     /raid/part4
  `-md0p5 259:4    0   98M  0 md     /raid/part5
sdd         8:48   0  250M  0 disk   
`-md0       9:0    0  496M  0 raid10 
  |-md0p1 259:0    0   98M  0 md     /raid/part1
  |-md0p2 259:1    0   99M  0 md     /raid/part2
  |-md0p3 259:2    0  100M  0 md     /raid/part3
  |-md0p4 259:3    0   99M  0 md     /raid/part4
  `-md0p5 259:4    0   98M  0 md     /raid/part5
sde         8:64   0  250M  0 disk   
`-md0       9:0    0  496M  0 raid10 
  |-md0p1 259:0    0   98M  0 md     /raid/part1
  |-md0p2 259:1    0   99M  0 md     /raid/part2
  |-md0p3 259:2    0  100M  0 md     /raid/part3
  |-md0p4 259:3    0   99M  0 md     /raid/part4
  `-md0p5 259:4    0   98M  0 md     /raid/part5
[root@otuslinux vagrant]# cat /proc/mdstat
Personalities : [raid10] 
md0 : active raid10 sde[3] sdd[2] sdc[1] sdb[0]
      507904 blocks super 1.2 512K chunks 2 near-copies [4/4] [UUUU]
      
unused devices: <none>
[root@otuslinux vagrant]# exit
[vagrant@otuslinux ~]$ exit

Script done on Mon Oct 16 12:53:04 2023
